// Jest Snapshot v1, https://goo.gl/fbAQLP

exports[`homeModal components homeModal render 1`] = `
<Portal
  onMaskPress={[Function]}
  style={
    Object {
      "position": "absolute",
    }
  }
  visible={true}
/>
`;
